
> macaron-premium@0.0.0 dev
> vite


  VITE v8.1.5  ready in 901 ms

  ➜  Local:   http://localhost:5173/
  ➜  Network: use --host to expose
5:55:42 AM [vite] (client) hmr update /src/components/BookingForm.jsx, /src/index.css
6:03:14 AM [vite] (client) hmr update /src/components/BookingForm.jsx, /src/index.css
6:12:14 AM [vite] (client) hmr update /src/components/BookingForm.jsx, /src/index.css
6:35:43 AM [vite] (client) page reload public/game.html
4:42:44 PM [vite] (client) hmr update /src/index.css
4:44:08 PM [vite] (client) page reload public/game.html
4:52:52 PM [vite] (client) hmr update /src/components/BookingForm.jsx, /src/index.css
4:54:28 PM [vite] (client) hmr update /src/components/BookingForm.jsx, /src/index.css
5:53:22 PM [vite] (client) hmr update /src/index.css, /src/components/HeroExplode.jsx, /src/components/MobileFeatureList.jsx, /src/three/MacaronScene.jsx
5:55:23 PM [vite] (client) hmr update /src/index.css, /src/three/MacaronScene.jsx
5:56:53 PM [vite] (client) hmr update /src/components/BookingForm.jsx, /src/index.css
7:42:31 AM [vite] (client) hmr update /src/index.css, /src/three/MacaronScene.jsx
7:43:36 AM [vite] (client) hmr update /src/components/HeroExplode.jsx, /src/index.css
2:38:42 PM [vite] (client) hmr update /src/components/GameSection.jsx, /src/index.css
Assets in public directory cannot be imported from JavaScript.
If you intend to import that asset, put the file in the src directory, and use /src/game.html?raw instead of /public/game.html?raw.
If you intend to use the URL of that asset, use /game.html?url&raw.
2:45:18 PM [vite] (client) page reload src/game.html
2:46:08 PM [vite] (client) hmr update /src/components/GameSection.jsx, /src/index.css
6:35:14 AM [vite] (client) hmr update /src/App.jsx, /src/index.css
6:37:16 AM [vite] (client) hmr update /src/index.css, /src/three/MacaronPiece.jsx
6:38:35 AM [vite] (client) hmr update /src/components/HeroExplode.jsx, /src/index.css
6:38:43 AM [vite] (client) hmr update /src/components/HeroExplode.jsx, /src/index.css
6:48:09 AM [vite] (client) hmr update /src/components/BookingForm.jsx, /src/index.css
3:07:19 PM [vite] (client) hmr update /src/App.jsx, /src/index.css
3:07:24 PM [vite] (client) hmr update /src/App.jsx, /src/index.css
3:07:29 PM [vite] (client) hmr update /src/components/HeroExplode.jsx, /src/index.css
3:08:30 PM [vite] (client) hmr update /src/index.css, /src/three/MacaronPiece.jsx
3:09:43 PM [vite] (client) hmr update /src/index.css, /src/three/MacaronPiece.jsx
3:11:01 PM [vite] (client) hmr update /src/components/GameSection.jsx, /src/index.css
7:23:04 AM [vite] (client) page reload index.html
7:29:19 AM [vite] (client) hmr update /src/components/Footer.jsx, /src/index.css
7:29:36 AM [vite] (client) hmr update /src/components/ContactSection.jsx, /src/index.css
7:29:43 AM [vite] (client) hmr update /src/index.css, /src/components/GameSection.jsx
7:30:49 AM [vite] (client) page reload public/game.html
7:36:01 AM [vite] (client) page reload index.html
7:37:32 AM [vite] (client) page reload index.html
7:55:42 AM [vite] (client) hmr update /src/App.jsx, /src/index.css
7:55:47 AM [vite] (client) hmr update /src/App.jsx, /src/index.css
7:56:51 AM [vite] (client) hmr update /src/components/BoxBuilder.jsx, /src/index.css
7:58:03 AM [vite] (client) hmr update /src/components/BoxBuilder.jsx, /src/index.css
8:00:25 AM [vite] (client) hmr update /src/components/BookingForm.jsx, /src/index.css
8:00:37 AM [vite] (client) hmr update /src/components/BookingForm.jsx, /src/index.css
8:01:55 AM [vite] (client) hmr update /src/components/BookingForm.jsx, /src/index.css
1:28:36 PM [vite] (client) hmr update /src/index.css, /src/components/HeroExplode.jsx, /src/components/MobileFeatureList.jsx, /src/three/MacaronScene.jsx
1:28:43 PM [vite] (client) hmr update /src/index.css, /src/components/FeatureCard.jsx
1:28:49 PM [vite] (client) hmr update /src/components/MobileFeatureList.jsx, /src/index.css
1:29:01 PM [vite] (client) hmr update /src/components/HeroExplode.jsx, /src/index.css
1:31:18 PM [vite] (client) hmr update /src/components/HeroExplode.jsx, /src/index.css
